232   09:09:56.269116 openat(AT_FDCWD, "/usr/local/Qt4.7.4/lib/tls/v7l/neon/vfp/libAndroidAuto.so", O_RDONLY|O_CLOEXEC) = -1 ENOENT (No such file or directory)
232   09:09:56.286472 openat(AT_FDCWD, "/usr/local/Qt4.7.4/lib/tls/v7l/neon/libAndroidAuto.so", O_RDONLY|O_CLOEXEC) = -1 ENOENT (No such file or directory)
232   09:09:56.287263 openat(AT_FDCWD, "/usr/local/Qt4.7.4/lib/tls/v7l/vfp/libAndroidAuto.so", O_RDONLY|O_CLOEXEC) = -1 ENOENT (No such file or directory)
232   09:09:56.287939 openat(AT_FDCWD, "/usr/local/Qt4.7.4/lib/tls/v7l/libAndroidAuto.so", O_RDONLY|O_CLOEXEC) = -1 ENOENT (No such file or directory)
232   09:09:56.288594 openat(AT_FDCWD, "/usr/local/Qt4.7.4/lib/tls/neon/vfp/libAndroidAuto.so", O_RDONLY|O_CLOEXEC) = -1 ENOENT (No such file or directory)
232   09:09:56.289370 openat(AT_FDCWD, "/usr/local/Qt4.7.4/lib/tls/neon/libAndroidAuto.so", O_RDONLY|O_CLOEXEC) = -1 ENOENT (No such file or directory)
232   09:09:56.290065 openat(AT_FDCWD, "/usr/local/Qt4.7.4/lib/tls/vfp/libAndroidAuto.so", O_RDONLY|O_CLOEXEC) = -1 ENOENT (No such file or directory)
232   09:09:56.290749 openat(AT_FDCWD, "/usr/local/Qt4.7.4/lib/tls/libAndroidAuto.so", O_RDONLY|O_CLOEXEC) = -1 ENOENT (No such file or directory)
232   09:09:56.291391 openat(AT_FDCWD, "/usr/local/Qt4.7.4/lib/v7l/neon/vfp/libAndroidAuto.so", O_RDONLY|O_CLOEXEC) = -1 ENOENT (No such file or directory)
232   09:09:56.292027 openat(AT_FDCWD, "/usr/local/Qt4.7.4/lib/v7l/neon/libAndroidAuto.so", O_RDONLY|O_CLOEXEC) = -1 ENOENT (No such file or directory)
232   09:09:56.292644 openat(AT_FDCWD, "/usr/local/Qt4.7.4/lib/v7l/vfp/libAndroidAuto.so", O_RDONLY|O_CLOEXEC) = -1 ENOENT (No such file or directory)
232   09:09:56.293257 openat(AT_FDCWD, "/usr/local/Qt4.7.4/lib/v7l/libAndroidAuto.so", O_RDONLY|O_CLOEXEC) = -1 ENOENT (No such file or directory)
232   09:09:56.294047 openat(AT_FDCWD, "/usr/local/Qt4.7.4/lib/neon/vfp/libAndroidAuto.so", O_RDONLY|O_CLOEXEC) = -1 ENOENT (No such file or directory)
232   09:09:56.294697 openat(AT_FDCWD, "/usr/local/Qt4.7.4/lib/neon/libAndroidAuto.so", O_RDONLY|O_CLOEXEC) = -1 ENOENT (No such file or directory)
232   09:09:56.295363 openat(AT_FDCWD, "/usr/local/Qt4.7.4/lib/vfp/libAndroidAuto.so", O_RDONLY|O_CLOEXEC) = -1 ENOENT (No such file or directory)
232   09:09:56.295993 openat(AT_FDCWD, "/usr/local/Qt4.7.4/lib/libAndroidAuto.so", O_RDONLY|O_CLOEXEC) = -1 ENOENT (No such file or directory)
232   09:09:56.296752 openat(AT_FDCWD, "/usr//lib/tls/v7l/neon/vfp/libAndroidAuto.so", O_RDONLY|O_CLOEXEC) = -1 ENOENT (No such file or directory)
232   09:09:56.297413 openat(AT_FDCWD, "/usr//lib/tls/v7l/neon/libAndroidAuto.so", O_RDONLY|O_CLOEXEC) = -1 ENOENT (No such file or directory)
232   09:09:56.298052 openat(AT_FDCWD, "/usr//lib/tls/v7l/vfp/libAndroidAuto.so", O_RDONLY|O_CLOEXEC) = -1 ENOENT (No such file or directory)
232   09:09:56.298680 openat(AT_FDCWD, "/usr//lib/tls/v7l/libAndroidAuto.so", O_RDONLY|O_CLOEXEC) = -1 ENOENT (No such file or directory)
232   09:09:56.299438 openat(AT_FDCWD, "/usr//lib/tls/neon/vfp/libAndroidAuto.so", O_RDONLY|O_CLOEXEC) = -1 ENOENT (No such file or directory)
232   09:09:56.300124 openat(AT_FDCWD, "/usr//lib/tls/neon/libAndroidAuto.so", O_RDONLY|O_CLOEXEC) = -1 ENOENT (No such file or directory)
232   09:09:56.300755 openat(AT_FDCWD, "/usr//lib/tls/vfp/libAndroidAuto.so", O_RDONLY|O_CLOEXEC) = -1 ENOENT (No such file or directory)
232   09:09:56.301447 openat(AT_FDCWD, "/usr//lib/tls/libAndroidAuto.so", O_RDONLY|O_CLOEXEC) = -1 ENOENT (No such file or directory)
232   09:09:56.302085 openat(AT_FDCWD, "/usr//lib/v7l/neon/vfp/libAndroidAuto.so", O_RDONLY|O_CLOEXEC) = -1 ENOENT (No such file or directory)
232   09:09:56.302704 openat(AT_FDCWD, "/usr//lib/v7l/neon/libAndroidAuto.so", O_RDONLY|O_CLOEXEC) = -1 ENOENT (No such file or directory)
232   09:09:56.303308 openat(AT_FDCWD, "/usr//lib/v7l/vfp/libAndroidAuto.so", O_RDONLY|O_CLOEXEC) = -1 ENOENT (No such file or directory)
232   09:09:56.303923 openat(AT_FDCWD, "/usr//lib/v7l/libAndroidAuto.so", O_RDONLY|O_CLOEXEC) = -1 ENOENT (No such file or directory)
232   09:09:56.304648 openat(AT_FDCWD, "/usr//lib/neon/vfp/libAndroidAuto.so", O_RDONLY|O_CLOEXEC) = -1 ENOENT (No such file or directory)
232   09:09:56.305304 openat(AT_FDCWD, "/usr//lib/neon/libAndroidAuto.so", O_RDONLY|O_CLOEXEC) = -1 ENOENT (No such file or directory)
232   09:09:56.305931 openat(AT_FDCWD, "/usr//lib/vfp/libAndroidAuto.so", O_RDONLY|O_CLOEXEC) = -1 ENOENT (No such file or directory)
232   09:09:56.306558 openat(AT_FDCWD, "/usr//lib/libAndroidAuto.so", O_RDONLY|O_CLOEXEC) = 3
232   09:09:56.328005 openat(AT_FDCWD, "/usr/local/Qt4.7.4/lib/libAutoDongle.so", O_RDONLY|O_CLOEXEC) = -1 ENOENT (No such file or directory)
232   09:09:56.328979 openat(AT_FDCWD, "/usr//lib/libAutoDongle.so", O_RDONLY|O_CLOEXEC) = 3
232   09:09:56.334729 openat(AT_FDCWD, "/usr/local/Qt4.7.4/lib/libasound.so.2", O_RDONLY|O_CLOEXEC) = -1 ENOENT (No such file or directory)
232   09:09:56.335523 openat(AT_FDCWD, "/usr//lib/libasound.so.2", O_RDONLY|O_CLOEXEC) = 3
232   09:09:56.337375 openat(AT_FDCWD, "/usr/local/Qt4.7.4/lib/libstdc++.so.6", O_RDONLY|O_CLOEXEC) = -1 ENOENT (No such file or directory)
232   09:09:56.338110 openat(AT_FDCWD, "/usr//lib/libstdc++.so.6", O_RDONLY|O_CLOEXEC) = -1 ENOENT (No such file or directory)
232   09:09:56.338683 openat(AT_FDCWD, "/usr/lib/tls/v7l/neon/vfp/libstdc++.so.6", O_RDONLY|O_CLOEXEC) = -1 ENOENT (No such file or directory)
232   09:09:56.339490 openat(AT_FDCWD, "/usr/lib/tls/v7l/neon/libstdc++.so.6", O_RDONLY|O_CLOEXEC) = -1 ENOENT (No such file or directory)
232   09:09:56.340152 openat(AT_FDCWD, "/usr/lib/tls/v7l/vfp/libstdc++.so.6", O_RDONLY|O_CLOEXEC) = -1 ENOENT (No such file or directory)
232   09:09:56.340786 openat(AT_FDCWD, "/usr/lib/tls/v7l/libstdc++.so.6", O_RDONLY|O_CLOEXEC) = -1 ENOENT (No such file or directory)
232   09:09:56.341407 openat(AT_FDCWD, "/usr/lib/tls/neon/vfp/libstdc++.so.6", O_RDONLY|O_CLOEXEC) = -1 ENOENT (No such file or directory)
232   09:09:56.342017 openat(AT_FDCWD, "/usr/lib/tls/neon/libstdc++.so.6", O_RDONLY|O_CLOEXEC) = -1 ENOENT (No such file or directory)
232   09:09:56.342665 openat(AT_FDCWD, "/usr/lib/tls/vfp/libstdc++.so.6", O_RDONLY|O_CLOEXEC) = -1 ENOENT (No such file or directory)
232   09:09:56.343292 openat(AT_FDCWD, "/usr/lib/tls/libstdc++.so.6", O_RDONLY|O_CLOEXEC) = -1 ENOENT (No such file or directory)
232   09:09:56.343906 openat(AT_FDCWD, "/usr/lib/v7l/neon/vfp/libstdc++.so.6", O_RDONLY|O_CLOEXEC) = -1 ENOENT (No such file or directory)
232   09:09:56.344522 openat(AT_FDCWD, "/usr/lib/v7l/neon/libstdc++.so.6", O_RDONLY|O_CLOEXEC) = -1 ENOENT (No such file or directory)
232   09:09:56.345137 openat(AT_FDCWD, "/usr/lib/v7l/vfp/libstdc++.so.6", O_RDONLY|O_CLOEXEC) = -1 ENOENT (No such file or directory)
232   09:09:56.345750 openat(AT_FDCWD, "/usr/lib/v7l/libstdc++.so.6", O_RDONLY|O_CLOEXEC) = -1 ENOENT (No such file or directory)
232   09:09:56.346364 openat(AT_FDCWD, "/usr/lib/neon/vfp/libstdc++.so.6", O_RDONLY|O_CLOEXEC) = -1 ENOENT (No such file or directory)
232   09:09:56.346987 openat(AT_FDCWD, "/usr/lib/neon/libstdc++.so.6", O_RDONLY|O_CLOEXEC) = -1 ENOENT (No such file or directory)
232   09:09:56.347634 openat(AT_FDCWD, "/usr/lib/vfp/libstdc++.so.6", O_RDONLY|O_CLOEXEC) = -1 ENOENT (No such file or directory)
232   09:09:56.348258 openat(AT_FDCWD, "/usr/lib/libstdc++.so.6", O_RDONLY|O_CLOEXEC) = -1 ENOENT (No such file or directory)
232   09:09:56.348995 openat(AT_FDCWD, "tls/v7l/neon/vfp/libstdc++.so.6", O_RDONLY|O_CLOEXEC) = -1 ENOENT (No such file or directory)
232   09:09:56.349569 openat(AT_FDCWD, "tls/v7l/neon/libstdc++.so.6", O_RDONLY|O_CLOEXEC) = -1 ENOENT (No such file or directory)
232   09:09:56.350091 openat(AT_FDCWD, "tls/v7l/vfp/libstdc++.so.6", O_RDONLY|O_CLOEXEC) = -1 ENOENT (No such file or directory)
232   09:09:56.350591 openat(AT_FDCWD, "tls/v7l/libstdc++.so.6", O_RDONLY|O_CLOEXEC) = -1 ENOENT (No such file or directory)
232   09:09:56.351084 openat(AT_FDCWD, "tls/neon/vfp/libstdc++.so.6", O_RDONLY|O_CLOEXEC) = -1 ENOENT (No such file or directory)
232   09:09:56.351577 openat(AT_FDCWD, "tls/neon/libstdc++.so.6", O_RDONLY|O_CLOEXEC) = -1 ENOENT (No such file or directory)
232   09:09:56.352466 openat(AT_FDCWD, "tls/vfp/libstdc++.so.6", O_RDONLY|O_CLOEXEC) = -1 ENOENT (No such file or directory)
232   09:09:56.353043 openat(AT_FDCWD, "tls/libstdc++.so.6", O_RDONLY|O_CLOEXEC) = -1 ENOENT (No such file or directory)
232   09:09:56.353560 openat(AT_FDCWD, "v7l/neon/vfp/libstdc++.so.6", O_RDONLY|O_CLOEXEC) = -1 ENOENT (No such file or directory)
232   09:09:56.354055 openat(AT_FDCWD, "v7l/neon/libstdc++.so.6", O_RDONLY|O_CLOEXEC) = -1 ENOENT (No such file or directory)
232   09:09:56.354544 openat(AT_FDCWD, "v7l/vfp/libstdc++.so.6", O_RDONLY|O_CLOEXEC) = -1 ENOENT (No such file or directory)
232   09:09:56.355036 openat(AT_FDCWD, "v7l/libstdc++.so.6", O_RDONLY|O_CLOEXEC) = -1 ENOENT (No such file or directory)
232   09:09:56.355529 openat(AT_FDCWD, "neon/vfp/libstdc++.so.6", O_RDONLY|O_CLOEXEC) = -1 ENOENT (No such file or directory)
232   09:09:56.356023 openat(AT_FDCWD, "neon/libstdc++.so.6", O_RDONLY|O_CLOEXEC) = -1 ENOENT (No such file or directory)
232   09:09:56.356554 openat(AT_FDCWD, "vfp/libstdc++.so.6", O_RDONLY|O_CLOEXEC) = -1 ENOENT (No such file or directory)
232   09:09:56.357056 openat(AT_FDCWD, "libstdc++.so.6", O_RDONLY|O_CLOEXEC) = -1 ENOENT (No such file or directory)
232   09:09:56.357546 openat(AT_FDCWD, "/etc/ld.so.cache", O_RDONLY|O_CLOEXEC) = -1 ENOENT (No such file or directory)
232   09:09:56.358185 openat(AT_FDCWD, "/lib/tls/v7l/neon/vfp/libstdc++.so.6", O_RDONLY|O_CLOEXEC) = -1 ENOENT (No such file or directory)
232   09:09:56.358923 openat(AT_FDCWD, "/lib/tls/v7l/neon/libstdc++.so.6", O_RDONLY|O_CLOEXEC) = -1 ENOENT (No such file or directory)
232   09:09:56.359607 openat(AT_FDCWD, "/lib/tls/v7l/vfp/libstdc++.so.6", O_RDONLY|O_CLOEXEC) = -1 ENOENT (No such file or directory)
232   09:09:56.360238 openat(AT_FDCWD, "/lib/tls/v7l/libstdc++.so.6", O_RDONLY|O_CLOEXEC) = -1 ENOENT (No such file or directory)
232   09:09:56.360855 openat(AT_FDCWD, "/lib/tls/neon/vfp/libstdc++.so.6", O_RDONLY|O_CLOEXEC) = -1 ENOENT (No such file or directory)
232   09:09:56.361495 openat(AT_FDCWD, "/lib/tls/neon/libstdc++.so.6", O_RDONLY|O_CLOEXEC) = -1 ENOENT (No such file or directory)
232   09:09:56.362111 openat(AT_FDCWD, "/lib/tls/vfp/libstdc++.so.6", O_RDONLY|O_CLOEXEC) = -1 ENOENT (No such file or directory)
232   09:09:56.362720 openat(AT_FDCWD, "/lib/tls/libstdc++.so.6", O_RDONLY|O_CLOEXEC) = -1 ENOENT (No such file or directory)
232   09:09:56.363323 openat(AT_FDCWD, "/lib/v7l/neon/vfp/libstdc++.so.6", O_RDONLY|O_CLOEXEC) = -1 ENOENT (No such file or directory)
232   09:09:56.363930 openat(AT_FDCWD, "/lib/v7l/neon/libstdc++.so.6", O_RDONLY|O_CLOEXEC) = -1 ENOENT (No such file or directory)
232   09:09:56.364537 openat(AT_FDCWD, "/lib/v7l/vfp/libstdc++.so.6", O_RDONLY|O_CLOEXEC) = -1 ENOENT (No such file or directory)
232   09:09:56.365140 openat(AT_FDCWD, "/lib/v7l/libstdc++.so.6", O_RDONLY|O_CLOEXEC) = -1 ENOENT (No such file or directory)
232   09:09:56.365739 openat(AT_FDCWD, "/lib/neon/vfp/libstdc++.so.6", O_RDONLY|O_CLOEXEC) = -1 ENOENT (No such file or directory)
232   09:09:56.366380 openat(AT_FDCWD, "/lib/neon/libstdc++.so.6", O_RDONLY|O_CLOEXEC) = -1 ENOENT (No such file or directory)
232   09:09:56.367003 openat(AT_FDCWD, "/lib/vfp/libstdc++.so.6", O_RDONLY|O_CLOEXEC) = -1 ENOENT (No such file or directory)
232   09:09:56.367614 openat(AT_FDCWD, "/lib/libstdc++.so.6", O_RDONLY|O_CLOEXEC) = 3
232   09:09:56.369730 openat(AT_FDCWD, "/usr/local/Qt4.7.4/lib/librt.so.1", O_RDONLY|O_CLOEXEC) = -1 ENOENT (No such file or directory)
232   09:09:56.370431 openat(AT_FDCWD, "/usr//lib/librt.so.1", O_RDONLY|O_CLOEXEC) = -1 ENOENT (No such file or directory)
232   09:09:56.370996 openat(AT_FDCWD, "/usr/lib/librt.so.1", O_RDONLY|O_CLOEXEC) = -1 ENOENT (No such file or directory)
232   09:09:56.371524 openat(AT_FDCWD, "tls/v7l/neon/vfp/librt.so.1", O_RDONLY|O_CLOEXEC) = -1 ENOENT (No such file or directory)
232   09:09:56.372043 openat(AT_FDCWD, "tls/v7l/neon/librt.so.1", O_RDONLY|O_CLOEXEC) = -1 ENOENT (No such file or directory)
232   09:09:56.372658 openat(AT_FDCWD, "tls/v7l/vfp/librt.so.1", O_RDONLY|O_CLOEXEC) = -1 ENOENT (No such file or directory)
232   09:09:56.373198 openat(AT_FDCWD, "tls/v7l/librt.so.1", O_RDONLY|O_CLOEXEC) = -1 ENOENT (No such file or directory)
232   09:09:56.373710 openat(AT_FDCWD, "tls/neon/vfp/librt.so.1", O_RDONLY|O_CLOEXEC) = -1 ENOENT (No such file or directory)
232   09:09:56.374201 openat(AT_FDCWD, "tls/neon/librt.so.1", O_RDONLY|O_CLOEXEC) = -1 ENOENT (No such file or directory)
232   09:09:56.374700 openat(AT_FDCWD, "tls/vfp/librt.so.1", O_RDONLY|O_CLOEXEC) = -1 ENOENT (No such file or directory)
232   09:09:56.375187 openat(AT_FDCWD, "tls/librt.so.1", O_RDONLY|O_CLOEXEC) = -1 ENOENT (No such file or directory)
232   09:09:56.375674 openat(AT_FDCWD, "v7l/neon/vfp/librt.so.1", O_RDONLY|O_CLOEXEC) = -1 ENOENT (No such file or directory)
232   09:09:56.376159 openat(AT_FDCWD, "v7l/neon/librt.so.1", O_RDONLY|O_CLOEXEC) = -1 ENOENT (No such file or directory)
232   09:09:56.376644 openat(AT_FDCWD, "v7l/vfp/librt.so.1", O_RDONLY|O_CLOEXEC) = -1 ENOENT (No such file or directory)
232   09:09:56.377156 openat(AT_FDCWD, "v7l/librt.so.1", O_RDONLY|O_CLOEXEC) = -1 ENOENT (No such file or directory)
232   09:09:56.377644 openat(AT_FDCWD, "neon/vfp/librt.so.1", O_RDONLY|O_CLOEXEC) = -1 ENOENT (No such file or directory)
232   09:09:56.378129 openat(AT_FDCWD, "neon/librt.so.1", O_RDONLY|O_CLOEXEC) = -1 ENOENT (No such file or directory)
232   09:09:56.378620 openat(AT_FDCWD, "vfp/librt.so.1", O_RDONLY|O_CLOEXEC) = -1 ENOENT (No such file or directory)
232   09:09:56.379242 openat(AT_FDCWD, "librt.so.1", O_RDONLY|O_CLOEXEC) = -1 ENOENT (No such file or directory)
232   09:09:56.379778 openat(AT_FDCWD, "/lib/librt.so.1", O_RDONLY|O_CLOEXEC) = 3
232   09:09:56.381425 openat(AT_FDCWD, "/usr/local/Qt4.7.4/lib/libprotobuf.so.8", O_RDONLY|O_CLOEXEC) = -1 ENOENT (No such file or directory)
232   09:09:56.382207 openat(AT_FDCWD, "/usr//lib/libprotobuf.so.8", O_RDONLY|O_CLOEXEC) = 3
232   09:09:56.398746 openat(AT_FDCWD, "/usr/local/Qt4.7.4/lib/libusb-1.0.so.0", O_RDONLY|O_CLOEXEC) = -1 ENOENT (No such file or directory)
232   09:09:56.399699 openat(AT_FDCWD, "/usr//lib/libusb-1.0.so.0", O_RDONLY|O_CLOEXEC) = 3
232   09:09:56.401481 openat(AT_FDCWD, "/usr/local/Qt4.7.4/lib/libarkcommon.so", O_RDONLY|O_CLOEXEC) = -1 ENOENT (No such file or directory)
232   09:09:56.402409 openat(AT_FDCWD, "/usr//lib/libarkcommon.so", O_RDONLY|O_CLOEXEC) = 3
232   09:09:56.404190 openat(AT_FDCWD, "/usr/local/Qt4.7.4/lib/libdl.so.2", O_RDONLY|O_CLOEXEC) = -1 ENOENT (No such file or directory)
232   09:09:56.404858 openat(AT_FDCWD, "/usr//lib/libdl.so.2", O_RDONLY|O_CLOEXEC) = -1 ENOENT (No such file or directory)
232   09:09:56.405413 openat(AT_FDCWD, "/usr/lib/libdl.so.2", O_RDONLY|O_CLOEXEC) = -1 ENOENT (No such file or directory)
232   09:09:56.405942 openat(AT_FDCWD, "tls/v7l/neon/vfp/libdl.so.2", O_RDONLY|O_CLOEXEC) = -1 ENOENT (No such file or directory)
232   09:09:56.406453 openat(AT_FDCWD, "tls/v7l/neon/libdl.so.2", O_RDONLY|O_CLOEXEC) = -1 ENOENT (No such file or directory)
232   09:09:56.407002 openat(AT_FDCWD, "tls/v7l/vfp/libdl.so.2", O_RDONLY|O_CLOEXEC) = -1 ENOENT (No such file or directory)
232   09:09:56.407513 openat(AT_FDCWD, "tls/v7l/libdl.so.2", O_RDONLY|O_CLOEXEC) = -1 ENOENT (No such file or directory)
232   09:09:56.408013 openat(AT_FDCWD, "tls/neon/vfp/libdl.so.2", O_RDONLY|O_CLOEXEC) = -1 ENOENT (No such file or directory)
232   09:09:56.408509 openat(AT_FDCWD, "tls/neon/libdl.so.2", O_RDONLY|O_CLOEXEC) = -1 ENOENT (No such file or directory)
232   09:09:56.409144 openat(AT_FDCWD, "tls/vfp/libdl.so.2", O_RDONLY|O_CLOEXEC) = -1 ENOENT (No such file or directory)
232   09:09:56.409683 openat(AT_FDCWD, "tls/libdl.so.2", O_RDONLY|O_CLOEXEC) = -1 ENOENT (No such file or directory)
232   09:09:56.410198 openat(AT_FDCWD, "v7l/neon/vfp/libdl.so.2", O_RDONLY|O_CLOEXEC) = -1 ENOENT (No such file or directory)
232   09:09:56.410702 openat(AT_FDCWD, "v7l/neon/libdl.so.2", O_RDONLY|O_CLOEXEC) = -1 ENOENT (No such file or directory)
232   09:09:56.411306 openat(AT_FDCWD, "v7l/vfp/libdl.so.2", O_RDONLY|O_CLOEXEC) = -1 ENOENT (No such file or directory)
232   09:09:56.411852 openat(AT_FDCWD, "v7l/libdl.so.2", O_RDONLY|O_CLOEXEC) = -1 ENOENT (No such file or directory)
232   09:09:56.412365 openat(AT_FDCWD, "neon/vfp/libdl.so.2", O_RDONLY|O_CLOEXEC) = -1 ENOENT (No such file or directory)
232   09:09:56.412869 openat(AT_FDCWD, "neon/libdl.so.2", O_RDONLY|O_CLOEXEC) = -1 ENOENT (No such file or directory)
232   09:09:56.413370 openat(AT_FDCWD, "vfp/libdl.so.2", O_RDONLY|O_CLOEXEC) = -1 ENOENT (No such file or directory)
232   09:09:56.413864 openat(AT_FDCWD, "libdl.so.2", O_RDONLY|O_CLOEXEC) = -1 ENOENT (No such file or directory)
232   09:09:56.414373 openat(AT_FDCWD, "/lib/libdl.so.2", O_RDONLY|O_CLOEXEC) = 3
232   09:09:56.416018 openat(AT_FDCWD, "/usr/local/Qt4.7.4/lib/libpthread.so.0", O_RDONLY|O_CLOEXEC) = -1 ENOENT (No such file or directory)
232   09:09:56.416701 openat(AT_FDCWD, "/usr//lib/libpthread.so.0", O_RDONLY|O_CLOEXEC) = -1 ENOENT (No such file or directory)
232   09:09:56.417309 openat(AT_FDCWD, "/usr/lib/libpthread.so.0", O_RDONLY|O_CLOEXEC) = -1 ENOENT (No such file or directory)
232   09:09:56.417834 openat(AT_FDCWD, "tls/v7l/neon/vfp/libpthread.so.0", O_RDONLY|O_CLOEXEC) = -1 ENOENT (No such file or directory)
232   09:09:56.418342 openat(AT_FDCWD, "tls/v7l/neon/libpthread.so.0", O_RDONLY|O_CLOEXEC) = -1 ENOENT (No such file or directory)
232   09:09:56.418936 openat(AT_FDCWD, "tls/v7l/vfp/libpthread.so.0", O_RDONLY|O_CLOEXEC) = -1 ENOENT (No such file or directory)
232   09:09:56.419502 openat(AT_FDCWD, "tls/v7l/libpthread.so.0", O_RDONLY|O_CLOEXEC) = -1 ENOENT (No such file or directory)
232   09:09:56.420020 openat(AT_FDCWD, "tls/neon/vfp/libpthread.so.0", O_RDONLY|O_CLOEXEC) = -1 ENOENT (No such file or directory)
232   09:09:56.420593 openat(AT_FDCWD, "tls/neon/libpthread.so.0", O_RDONLY|O_CLOEXEC) = -1 ENOENT (No such file or directory)
232   09:09:56.421099 openat(AT_FDCWD, "tls/vfp/libpthread.so.0", O_RDONLY|O_CLOEXEC) = -1 ENOENT (No such file or directory)
232   09:09:56.421627 openat(AT_FDCWD, "tls/libpthread.so.0", O_RDONLY|O_CLOEXEC) = -1 ENOENT (No such file or directory)
232   09:09:56.422121 openat(AT_FDCWD, "v7l/neon/vfp/libpthread.so.0", O_RDONLY|O_CLOEXEC) = -1 ENOENT (No such file or directory)
232   09:09:56.422611 openat(AT_FDCWD, "v7l/neon/libpthread.so.0", O_RDONLY|O_CLOEXEC) = -1 ENOENT (No such file or directory)
232   09:09:56.423094 openat(AT_FDCWD, "v7l/vfp/libpthread.so.0", O_RDONLY|O_CLOEXEC) = -1 ENOENT (No such file or directory)
232   09:09:56.423589 openat(AT_FDCWD, "v7l/libpthread.so.0", O_RDONLY|O_CLOEXEC) = -1 ENOENT (No such file or directory)
232   09:09:56.424075 openat(AT_FDCWD, "neon/vfp/libpthread.so.0", O_RDONLY|O_CLOEXEC) = -1 ENOENT (No such file or directory)
232   09:09:56.424569 openat(AT_FDCWD, "neon/libpthread.so.0", O_RDONLY|O_CLOEXEC) = -1 ENOENT (No such file or directory)
232   09:09:56.425058 openat(AT_FDCWD, "vfp/libpthread.so.0", O_RDONLY|O_CLOEXEC) = -1 ENOENT (No such file or directory)
232   09:09:56.425570 openat(AT_FDCWD, "libpthread.so.0", O_RDONLY|O_CLOEXEC) = -1 ENOENT (No such file or directory)
232   09:09:56.426080 openat(AT_FDCWD, "/lib/libpthread.so.0", O_RDONLY|O_CLOEXEC) = 3
232   09:09:56.427970 openat(AT_FDCWD, "/usr/local/Qt4.7.4/lib/libm.so.6", O_RDONLY|O_CLOEXEC) = -1 ENOENT (No such file or directory)
232   09:09:56.428663 openat(AT_FDCWD, "/usr//lib/libm.so.6", O_RDONLY|O_CLOEXEC) = -1 ENOENT (No such file or directory)
232   09:09:56.429375 openat(AT_FDCWD, "/usr/lib/libm.so.6", O_RDONLY|O_CLOEXEC) = -1 ENOENT (No such file or directory)
232   09:09:56.429938 openat(AT_FDCWD, "tls/v7l/neon/vfp/libm.so.6", O_RDONLY|O_CLOEXEC) = -1 ENOENT (No such file or directory)
232   09:09:56.430449 openat(AT_FDCWD, "tls/v7l/neon/libm.so.6", O_RDONLY|O_CLOEXEC) = -1 ENOENT (No such file or directory)
232   09:09:56.430950 openat(AT_FDCWD, "tls/v7l/vfp/libm.so.6", O_RDONLY|O_CLOEXEC) = -1 ENOENT (No such file or directory)
232   09:09:56.431449 openat(AT_FDCWD, "tls/v7l/libm.so.6", O_RDONLY|O_CLOEXEC) = -1 ENOENT (No such file or directory)
232   09:09:56.432073 openat(AT_FDCWD, "tls/neon/vfp/libm.so.6", O_RDONLY|O_CLOEXEC) = -1 ENOENT (No such file or directory)
232   09:09:56.432594 openat(AT_FDCWD, "tls/neon/libm.so.6", O_RDONLY|O_CLOEXEC) = -1 ENOENT (No such file or directory)
232   09:09:56.433091 openat(AT_FDCWD, "tls/vfp/libm.so.6", O_RDONLY|O_CLOEXEC) = -1 ENOENT (No such file or directory)
232   09:09:56.433576 openat(AT_FDCWD, "tls/libm.so.6", O_RDONLY|O_CLOEXEC) = -1 ENOENT (No such file or directory)
232   09:09:56.434073 openat(AT_FDCWD, "v7l/neon/vfp/libm.so.6", O_RDONLY|O_CLOEXEC) = -1 ENOENT (No such file or directory)
232   09:09:56.434562 openat(AT_FDCWD, "v7l/neon/libm.so.6", O_RDONLY|O_CLOEXEC) = -1 ENOENT (No such file or directory)
232   09:09:56.435053 openat(AT_FDCWD, "v7l/vfp/libm.so.6", O_RDONLY|O_CLOEXEC) = -1 ENOENT (No such file or directory)
232   09:09:56.435540 openat(AT_FDCWD, "v7l/libm.so.6", O_RDONLY|O_CLOEXEC) = -1 ENOENT (No such file or directory)
232   09:09:56.436061 openat(AT_FDCWD, "neon/vfp/libm.so.6", O_RDONLY|O_CLOEXEC) = -1 ENOENT (No such file or directory)
232   09:09:56.436568 openat(AT_FDCWD, "neon/libm.so.6", O_RDONLY|O_CLOEXEC) = -1 ENOENT (No such file or directory)
232   09:09:56.437068 openat(AT_FDCWD, "vfp/libm.so.6", O_RDONLY|O_CLOEXEC) = -1 ENOENT (No such file or directory)
232   09:09:56.437625 openat(AT_FDCWD, "libm.so.6", O_RDONLY|O_CLOEXEC) = -1 ENOENT (No such file or directory)
232   09:09:56.438135 openat(AT_FDCWD, "/lib/libm.so.6", O_RDONLY|O_CLOEXEC) = 3
232   09:09:56.439978 openat(AT_FDCWD, "/usr/local/Qt4.7.4/lib/libgcc_s.so.1", O_RDONLY|O_CLOEXEC) = -1 ENOENT (No such file or directory)
232   09:09:56.440694 openat(AT_FDCWD, "/usr//lib/libgcc_s.so.1", O_RDONLY|O_CLOEXEC) = -1 ENOENT (No such file or directory)
232   09:09:56.441274 openat(AT_FDCWD, "/usr/lib/libgcc_s.so.1", O_RDONLY|O_CLOEXEC) = -1 ENOENT (No such file or directory)
232   09:09:56.441813 openat(AT_FDCWD, "tls/v7l/neon/vfp/libgcc_s.so.1", O_RDONLY|O_CLOEXEC) = -1 ENOENT (No such file or directory)
232   09:09:56.442362 openat(AT_FDCWD, "tls/v7l/neon/libgcc_s.so.1", O_RDONLY|O_CLOEXEC) = -1 ENOENT (No such file or directory)
232   09:09:56.442871 openat(AT_FDCWD, "tls/v7l/vfp/libgcc_s.so.1", O_RDONLY|O_CLOEXEC) = -1 ENOENT (No such file or directory)
232   09:09:56.443371 openat(AT_FDCWD, "tls/v7l/libgcc_s.so.1", O_RDONLY|O_CLOEXEC) = -1 ENOENT (No such file or directory)
232   09:09:56.443872 openat(AT_FDCWD, "tls/neon/vfp/libgcc_s.so.1", O_RDONLY|O_CLOEXEC) = -1 ENOENT (No such file or directory)
232   09:09:56.444360 openat(AT_FDCWD, "tls/neon/libgcc_s.so.1", O_RDONLY|O_CLOEXEC) = -1 ENOENT (No such file or directory)
232   09:09:56.444856 openat(AT_FDCWD, "tls/vfp/libgcc_s.so.1", O_RDONLY|O_CLOEXEC) = -1 ENOENT (No such file or directory)
232   09:09:56.445341 openat(AT_FDCWD, "tls/libgcc_s.so.1", O_RDONLY|O_CLOEXEC) = -1 ENOENT (No such file or directory)
232   09:09:56.445827 openat(AT_FDCWD, "v7l/neon/vfp/libgcc_s.so.1", O_RDONLY|O_CLOEXEC) = -1 ENOENT (No such file or directory)
232   09:09:56.446351 openat(AT_FDCWD, "v7l/neon/libgcc_s.so.1", O_RDONLY|O_CLOEXEC) = -1 ENOENT (No such file or directory)
232   09:09:56.446853 openat(AT_FDCWD, "v7l/vfp/libgcc_s.so.1", O_RDONLY|O_CLOEXEC) = -1 ENOENT (No such file or directory)
232   09:09:56.447353 openat(AT_FDCWD, "v7l/libgcc_s.so.1", O_RDONLY|O_CLOEXEC) = -1 ENOENT (No such file or directory)
232   09:09:56.447848 openat(AT_FDCWD, "neon/vfp/libgcc_s.so.1", O_RDONLY|O_CLOEXEC) = -1 ENOENT (No such file or directory)
232   09:09:56.448343 openat(AT_FDCWD, "neon/libgcc_s.so.1", O_RDONLY|O_CLOEXEC) = -1 ENOENT (No such file or directory)
232   09:09:56.448922 openat(AT_FDCWD, "vfp/libgcc_s.so.1", O_RDONLY|O_CLOEXEC) = -1 ENOENT (No such file or directory)
232   09:09:56.449489 openat(AT_FDCWD, "libgcc_s.so.1", O_RDONLY|O_CLOEXEC) = -1 ENOENT (No such file or directory)
232   09:09:56.450010 openat(AT_FDCWD, "/lib/libgcc_s.so.1", O_RDONLY|O_CLOEXEC) = 3
232   09:09:56.451831 openat(AT_FDCWD, "/usr/local/Qt4.7.4/lib/libc.so.6", O_RDONLY|O_CLOEXEC) = -1 ENOENT (No such file or directory)
232   09:09:56.452616 openat(AT_FDCWD, "/usr//lib/libc.so.6", O_RDONLY|O_CLOEXEC) = -1 ENOENT (No such file or directory)
232   09:09:56.453198 openat(AT_FDCWD, "/usr/lib/libc.so.6", O_RDONLY|O_CLOEXEC) = -1 ENOENT (No such file or directory)
232   09:09:56.453734 openat(AT_FDCWD, "tls/v7l/neon/vfp/libc.so.6", O_RDONLY|O_CLOEXEC) = -1 ENOENT (No such file or directory)
232   09:09:56.454248 openat(AT_FDCWD, "tls/v7l/neon/libc.so.6", O_RDONLY|O_CLOEXEC) = -1 ENOENT (No such file or directory)
232   09:09:56.456281 openat(AT_FDCWD, "tls/v7l/vfp/libc.so.6", O_RDONLY|O_CLOEXEC) = -1 ENOENT (No such file or directory)
232   09:09:56.456991 openat(AT_FDCWD, "tls/v7l/libc.so.6", O_RDONLY|O_CLOEXEC) = -1 ENOENT (No such file or directory)
232   09:09:56.457555 openat(AT_FDCWD, "tls/neon/vfp/libc.so.6", O_RDONLY|O_CLOEXEC) = -1 ENOENT (No such file or directory)
232   09:09:56.458086 openat(AT_FDCWD, "tls/neon/libc.so.6", O_RDONLY|O_CLOEXEC) = -1 ENOENT (No such file or directory)
232   09:09:56.458635 openat(AT_FDCWD, "tls/vfp/libc.so.6", O_RDONLY|O_CLOEXEC) = -1 ENOENT (No such file or directory)
232   09:09:56.459291 openat(AT_FDCWD, "tls/libc.so.6", O_RDONLY|O_CLOEXEC) = -1 ENOENT (No such file or directory)
232   09:09:56.459834 openat(AT_FDCWD, "v7l/neon/vfp/libc.so.6", O_RDONLY|O_CLOEXEC) = -1 ENOENT (No such file or directory)
232   09:09:56.460353 openat(AT_FDCWD, "v7l/neon/libc.so.6", O_RDONLY|O_CLOEXEC) = -1 ENOENT (No such file or directory)
232   09:09:56.460851 openat(AT_FDCWD, "v7l/vfp/libc.so.6", O_RDONLY|O_CLOEXEC) = -1 ENOENT (No such file or directory)
232   09:09:56.461345 openat(AT_FDCWD, "v7l/libc.so.6", O_RDONLY|O_CLOEXEC) = -1 ENOENT (No such file or directory)
232   09:09:56.461835 openat(AT_FDCWD, "neon/vfp/libc.so.6", O_RDONLY|O_CLOEXEC) = -1 ENOENT (No such file or directory)
232   09:09:56.462331 openat(AT_FDCWD, "neon/libc.so.6", O_RDONLY|O_CLOEXEC) = -1 ENOENT (No such file or directory)
232   09:09:56.462818 openat(AT_FDCWD, "vfp/libc.so.6", O_RDONLY|O_CLOEXEC) = -1 ENOENT (No such file or directory)
232   09:09:56.463334 openat(AT_FDCWD, "libc.so.6", O_RDONLY|O_CLOEXEC) = -1 ENOENT (No such file or directory)
232   09:09:56.463841 openat(AT_FDCWD, "/lib/libc.so.6", O_RDONLY|O_CLOEXEC) = 3
232   09:09:56.732479 openat(AT_FDCWD, "/dev/ttyS0", O_WRONLY|O_CREAT|O_TRUNC, 0666) = 3
232   09:09:56.738152 openat(AT_FDCWD, "/dev/ttyS0", O_WRONLY|O_CREAT|O_TRUNC, 0666) = 3
232   09:09:56.740626 ioctl(1, TCGETS, {c_iflag=ICRNL|IXON|IXOFF, c_oflag=NL0|CR0|TAB0|BS0|VT0|FF0|OPOST|ONLCR, c_cflag=B115200|CS8|CREAD|HUPCL|CLOCAL, c_lflag=ECHOE|ECHOK|IEXTEN|ECHOCTL|ECHOKE, ...}) = 0
232   09:09:56.752574 ioctl(2, TCGETS, {c_iflag=ICRNL|IXON|IXOFF, c_oflag=NL0|CR0|TAB0|BS0|VT0|FF0|OPOST|ONLCR, c_cflag=B115200|CS8|CREAD|HUPCL|CLOCAL, c_lflag=ECHOE|ECHOK|IEXTEN|ECHOCTL|ECHOKE, ...}) = 0
232   09:09:56.755674 openat(AT_FDCWD, "/usr/lib/libxml2.so", O_RDONLY|O_CLOEXEC) = 7
232   09:09:56.763237 openat(AT_FDCWD, "/usr/lib/libdbus-1.so", O_RDONLY|O_CLOEXEC) = 7
232   09:09:56.767735 openat(AT_FDCWD, "/dev/fb0", O_RDONLY) = 7
232   09:09:56.768674 ioctl(7, FBIOGET_VSCREENINFO, 0xbe8632fc) = 0
236   09:09:57.392246 openat(AT_FDCWD, "/sys/devices/system/cpu/online", O_RDONLY|O_CLOEXEC) = 10
236   09:09:57.464753 openat(AT_FDCWD, "/tmp/hostapd.conf", O_RDONLY) = 10
236   09:09:57.542828 openat(AT_FDCWD, "/tmp/hostapd.conf", O_RDONLY) = 10
236   09:09:57.546330 ioctl(10, SIOCGIFHWADDR, {ifr_name="wlan0", ifr_hwaddr={sa_family=ARPHRD_ETHER, sa_data=68:b9:d3:f1:5a:43}}) = 0
235   09:10:05.498578 openat(AT_FDCWD, "/dev/urandom", O_RDONLY|O_NOCTTY|O_NONBLOCK) = 11
235   09:10:05.548250 openat(AT_FDCWD, "/usr/share/alsa/alsa.conf", O_RDONLY) = 11
235   09:10:05.563340 openat(AT_FDCWD, "/etc/asound.conf", O_RDONLY) = 11
235   09:10:05.572625 openat(AT_FDCWD, "/dev/snd/controlC0", O_RDONLY|O_CLOEXEC) = 11
235   09:10:05.573636 ioctl(11, SNDRV_CTL_IOCTL_CARD_INFO, 0xb55c02b0) = 0
235   09:10:05.577075 openat(AT_FDCWD, "/dev/snd/controlC0", O_RDONLY|O_CLOEXEC) = 11
235   09:10:05.578090 ioctl(11, SNDRV_CTL_IOCTL_CARD_INFO, 0xb55c0298) = 0
235   09:10:05.578968 openat(AT_FDCWD, "/dev/snd/controlC0", O_RDWR|O_CLOEXEC) = 11
235   09:10:05.579771 ioctl(11, SNDRV_CTL_IOCTL_PVERSION, 0xb55c0428) = 0
235   09:10:05.580319 ioctl(11, SNDRV_CTL_IOCTL_PCM_PREFER_SUBDEVICE, 0xb55c0464) = 0
235   09:10:05.580793 openat(AT_FDCWD, "/dev/snd/pcmC0D0p", O_RDWR|O_NONBLOCK|O_CLOEXEC) = 12
235   09:10:05.581916 ioctl(12, SNDRV_PCM_IOCTL_INFO, 0xb55c0328) = 0
235   09:10:05.582527 ioctl(12, AGPIOC_INFO or SNDRV_PCM_IOCTL_PVERSION, 0xb55c0298) = 0
235   09:10:05.583314 ioctl(12, AGPIOC_SETUP or SNDRV_PCM_IOCTL_TTSTAMP, 0xb55c02a0) = 0
235   09:10:05.584235 ioctl(12, SNDRV_PCM_IOCTL_SYNC_PTR, 0xb55c02a4) = 0
235   09:10:05.584917 ioctl(12, SNDRV_PCM_IOCTL_HW_REFINE, 0xb55c04a8) = 0
235   09:10:05.585550 ioctl(12, SNDRV_PCM_IOCTL_HW_REFINE, 0xb55c04a8) = 0
235   09:10:05.586105 ioctl(12, SNDRV_PCM_IOCTL_HW_REFINE, 0xb55c04a8) = 0
235   09:10:05.586644 ioctl(12, SNDRV_PCM_IOCTL_HW_REFINE, 0xb55c04a8) = 0
235   09:10:05.587167 ioctl(12, SNDRV_PCM_IOCTL_HW_REFINE, 0xb55c04a8) = 0
235   09:10:05.587687 ioctl(12, SNDRV_PCM_IOCTL_HW_REFINE, 0xb55c04a8) = 0
235   09:10:05.588177 ioctl(12, SNDRV_PCM_IOCTL_HW_REFINE, 0xb55c04a8) = 0
235   09:10:05.588674 ioctl(12, SNDRV_PCM_IOCTL_HW_REFINE, 0xb55c04a8) = 0
235   09:10:05.589362 ioctl(12, SNDRV_PCM_IOCTL_HW_REFINE, 0xb55c04a8) = 0
235   09:10:05.589852 ioctl(12, SNDRV_PCM_IOCTL_HW_REFINE, 0xb55c04a8) = 0
235   09:10:05.590295 ioctl(12, SNDRV_PCM_IOCTL_HW_PARAMS, 0xb55c04a8) = 0
235   09:10:05.590931 ioctl(12, SNDRV_PCM_IOCTL_SYNC_PTR, 0xb4a23230) = 0
235   09:10:05.591507 ioctl(12, SNDRV_PCM_IOCTL_SW_PARAMS, 0xb55c03a8) = 0
235   09:10:05.592012 ioctl(12, SNDRV_PCM_IOCTL_CHANNEL_INFO, 0xb55c0338) = 0
235   09:10:05.592456 ioctl(12, SNDRV_PCM_IOCTL_CHANNEL_INFO, 0xb55c0338) = 0
235   09:10:05.593075 ioctl(12, SNDRV_PCM_IOCTL_PREPARE, 0xb4a23378) = 0
235   09:10:05.593716 ioctl(12, SNDRV_PCM_IOCTL_SYNC_PTR, 0xb4a23230) = 0
235   09:10:05.594261 ioctl(12, SNDRV_PCM_IOCTL_SW_PARAMS, 0xb55c0438) = 0
235   09:10:05.594784 ioctl(12, SNDRV_PCM_IOCTL_SYNC_PTR, 0xb4a23230) = 0
235   09:10:05.595211 ioctl(12, SNDRV_PCM_IOCTL_START, 0xb4a23230) = 0
235   09:10:05.595788 ioctl(12, AGPIOC_INFO or SNDRV_PCM_IOCTL_PVERSION, 0xb55c072c) = 0
235   09:10:05.597614 ioctl(12, SNDRV_PCM_IOCTL_INFO, 0xb55c0590) = 0
235   09:10:05.599206 openat(AT_FDCWD, "/dev/snd/controlC0", O_RDONLY|O_CLOEXEC) = 11
235   09:10:05.600420 ioctl(11, SNDRV_CTL_IOCTL_CARD_INFO, 0xb55c0018) = 0
235   09:10:05.601139 openat(AT_FDCWD, "/dev/snd/timer", O_RDONLY|O_NONBLOCK|O_CLOEXEC) = 11
235   09:10:05.601971 ioctl(11, SNDRV_TIMER_IOCTL_PVERSION, 0xb55c0320) = 0
235   09:10:05.602427 ioctl(11, SNDRV_TIMER_IOCTL_TREAD_OLD, 0xb55c0324) = 0
235   09:10:05.602851 ioctl(11, SNDRV_TIMER_IOCTL_SELECT, 0xb55c0324) = 0
235   09:10:05.603395 ioctl(11, SNDRV_TIMER_IOCTL_PVERSION, 0xb55c06bc) = 0
235   09:10:05.604911 openat(AT_FDCWD, "/dev/snd/controlC0", O_RDONLY|O_CLOEXEC) = 13
235   09:10:05.605731 ioctl(13, SNDRV_CTL_IOCTL_CARD_INFO, 0xb55c0470) = 0
235   09:10:05.606496 openat(AT_FDCWD, "/dev/snd/controlC0", O_RDWR|O_CLOEXEC) = 13
235   09:10:05.607199 ioctl(13, SNDRV_CTL_IOCTL_PVERSION, 0xb55c0790) = 0
235   09:10:05.607744 ioctl(13, SNDRV_CTL_IOCTL_ELEM_INFO, 0xb55c0780) = 0
235   09:10:05.608253 ioctl(13, SNDRV_CTL_IOCTL_TLV_READ, 0xb4a031b8) = 0
235   09:10:05.614750 ioctl(12, SNDRV_PCM_IOCTL_SYNC_PTR, 0xb4a23230) = 0
235   09:10:05.615539 ioctl(11, SNDRV_TIMER_IOCTL_PARAMS, 0xb55c0ba8) = 0
235   09:10:05.624472 openat(AT_FDCWD, "/dev/snd/controlC0", O_RDONLY|O_CLOEXEC) = 14
235   09:10:05.629530 ioctl(14, SNDRV_CTL_IOCTL_CARD_INFO, 0xb55c02b0) = 0
235   09:10:05.632307 openat(AT_FDCWD, "/dev/snd/controlC0", O_RDONLY|O_CLOEXEC) = 14
235   09:10:05.633487 ioctl(14, SNDRV_CTL_IOCTL_CARD_INFO, 0xb55c0298) = 0
235   09:10:05.634216 openat(AT_FDCWD, "/dev/snd/controlC0", O_RDWR|O_CLOEXEC) = 14
235   09:10:05.634954 ioctl(14, SNDRV_CTL_IOCTL_PVERSION, 0xb55c0428) = 0
235   09:10:05.635463 ioctl(14, SNDRV_CTL_IOCTL_PCM_PREFER_SUBDEVICE, 0xb55c0464) = 0
235   09:10:05.636050 openat(AT_FDCWD, "/dev/snd/pcmC0D0p", O_RDWR|O_APPEND|O_NONBLOCK|O_CLOEXEC) = 15
235   09:10:05.636949 ioctl(15, SNDRV_PCM_IOCTL_INFO, 0xb55c0328) = 0
235   09:10:05.637612 ioctl(15, AGPIOC_INFO or SNDRV_PCM_IOCTL_PVERSION, 0xb55c0298) = 0
235   09:10:05.638181 ioctl(15, AGPIOC_SETUP or SNDRV_PCM_IOCTL_TTSTAMP, 0xb55c02a0) = 0
235   09:10:05.640663 ioctl(15, SNDRV_PCM_IOCTL_SYNC_PTR, 0xb55c02a4) = 0
235   09:10:05.641348 ioctl(15, SNDRV_PCM_IOCTL_CHANNEL_INFO, 0xb55c06d0) = 0
235   09:10:05.641827 ioctl(15, SNDRV_PCM_IOCTL_CHANNEL_INFO, 0xb55c06d0) = 0
235   09:10:05.647213 ioctl(15, SNDRV_PCM_IOCTL_INFO, 0xb55c0590) = 0
235   09:10:05.648793 openat(AT_FDCWD, "/dev/snd/controlC0", O_RDONLY|O_CLOEXEC) = 14
235   09:10:05.649772 ioctl(14, SNDRV_CTL_IOCTL_CARD_INFO, 0xb55c0018) = 0
235   09:10:05.650435 openat(AT_FDCWD, "/dev/snd/timer", O_RDONLY|O_NONBLOCK|O_CLOEXEC) = 14
235   09:10:05.651161 ioctl(14, SNDRV_TIMER_IOCTL_PVERSION, 0xb55c0320) = 0
235   09:10:05.651648 ioctl(14, SNDRV_TIMER_IOCTL_TREAD_OLD, 0xb55c0324) = 0
235   09:10:05.652115 ioctl(14, SNDRV_TIMER_IOCTL_SELECT, 0xb55c0324) = 0
235   09:10:05.657465 ioctl(14, SNDRV_TIMER_IOCTL_PVERSION, 0xb55c06bc) = 0
235   09:10:05.659028 openat(AT_FDCWD, "/dev/snd/controlC0", O_RDONLY|O_CLOEXEC) = 16
235   09:10:05.659863 ioctl(16, SNDRV_CTL_IOCTL_CARD_INFO, 0xb55c0470) = 0
235   09:10:05.660549 openat(AT_FDCWD, "/dev/snd/controlC0", O_RDWR|O_CLOEXEC) = 16
235   09:10:05.661239 ioctl(16, SNDRV_CTL_IOCTL_PVERSION, 0xb55c0790) = 0
235   09:10:05.661747 ioctl(16, SNDRV_CTL_IOCTL_ELEM_INFO, 0xb55c0780) = 0
235   09:10:05.662225 ioctl(16, SNDRV_CTL_IOCTL_TLV_READ, 0xb4a22b78) = 0
235   09:10:05.674820 openat(AT_FDCWD, "/workspace/ark0618system/build/..//out/rootfs-msn5g.build/usr/lib/alsa-lib/libasound_module_rate_speexrate.so", O_RDONLY|O_CLOEXEC) = -1 ENOENT (No such file or directory)
235   09:10:05.677664 ioctl(15, SNDRV_PCM_IOCTL_SYNC_PTR, 0xb4a34618) = 0
235   09:10:05.678275 ioctl(14, SNDRV_TIMER_IOCTL_PARAMS, 0xb55c0b88) = 0
235   09:10:05.682719 openat(AT_FDCWD, "/dev/snd/controlC0", O_RDONLY|O_CLOEXEC) = 17
235   09:10:05.684317 ioctl(17, SNDRV_CTL_IOCTL_CARD_INFO, 0xb55c02b0) = 0
235   09:10:05.687985 openat(AT_FDCWD, "/dev/snd/controlC0", O_RDONLY|O_CLOEXEC) = 17
235   09:10:05.689073 ioctl(17, SNDRV_CTL_IOCTL_CARD_INFO, 0xb55c0298) = 0
235   09:10:05.705504 openat(AT_FDCWD, "/dev/snd/controlC0", O_RDWR|O_CLOEXEC) = 17
235   09:10:05.706392 ioctl(17, SNDRV_CTL_IOCTL_PVERSION, 0xb55c0428) = 0
235   09:10:05.706935 ioctl(17, SNDRV_CTL_IOCTL_PCM_PREFER_SUBDEVICE, 0xb55c0464) = 0
235   09:10:05.707406 openat(AT_FDCWD, "/dev/snd/pcmC0D0p", O_RDWR|O_APPEND|O_NONBLOCK|O_CLOEXEC) = 18
235   09:10:05.708285 ioctl(18, SNDRV_PCM_IOCTL_INFO, 0xb55c0328) = 0
235   09:10:05.709019 ioctl(18, AGPIOC_INFO or SNDRV_PCM_IOCTL_PVERSION, 0xb55c0298) = 0
235   09:10:05.709564 ioctl(18, AGPIOC_SETUP or SNDRV_PCM_IOCTL_TTSTAMP, 0xb55c02a0) = 0
235   09:10:05.710192 ioctl(18, SNDRV_PCM_IOCTL_SYNC_PTR, 0xb55c02a4) = 0
235   09:10:05.710766 ioctl(18, SNDRV_PCM_IOCTL_CHANNEL_INFO, 0xb55c06d0) = 0
235   09:10:05.711230 ioctl(18, SNDRV_PCM_IOCTL_CHANNEL_INFO, 0xb55c06d0) = 0
235   09:10:05.712418 ioctl(18, SNDRV_PCM_IOCTL_INFO, 0xb55c0590) = 0
235   09:10:05.713714 openat(AT_FDCWD, "/dev/snd/controlC0", O_RDONLY|O_CLOEXEC) = 17
235   09:10:05.714549 ioctl(17, SNDRV_CTL_IOCTL_CARD_INFO, 0xb55c0018) = 0
235   09:10:05.715194 openat(AT_FDCWD, "/dev/snd/timer", O_RDONLY|O_NONBLOCK|O_CLOEXEC) = 17
235   09:10:05.715909 ioctl(17, SNDRV_TIMER_IOCTL_PVERSION, 0xb55c0320) = 0
235   09:10:05.716359 ioctl(17, SNDRV_TIMER_IOCTL_TREAD_OLD, 0xb55c0324) = 0
235   09:10:05.716773 ioctl(17, SNDRV_TIMER_IOCTL_SELECT, 0xb55c0324) = 0
235   09:10:05.717267 ioctl(17, SNDRV_TIMER_IOCTL_PVERSION, 0xb55c06bc) = 0
235   09:10:05.718688 openat(AT_FDCWD, "/dev/snd/controlC0", O_RDONLY|O_CLOEXEC) = 19
235   09:10:05.719593 ioctl(19, SNDRV_CTL_IOCTL_CARD_INFO, 0xb55c0470) = 0
235   09:10:05.720959 openat(AT_FDCWD, "/dev/snd/controlC0", O_RDWR|O_CLOEXEC) = 19
235   09:10:05.721885 ioctl(19, SNDRV_CTL_IOCTL_PVERSION, 0xb55c0790) = 0
235   09:10:05.722414 ioctl(19, SNDRV_CTL_IOCTL_ELEM_INFO, 0xb55c0780) = 0
235   09:10:05.722977 ioctl(19, SNDRV_CTL_IOCTL_TLV_READ, 0xb4a176a8) = 0
235   09:10:05.728774 openat(AT_FDCWD, "/workspace/ark0618system/build/..//out/rootfs-msn5g.build/usr/lib/alsa-lib/libasound_module_rate_speexrate.so", O_RDONLY|O_CLOEXEC) = -1 ENOENT (No such file or directory)
235   09:10:05.731696 ioctl(18, SNDRV_PCM_IOCTL_SYNC_PTR, 0xb4a51ba8) = 0
235   09:10:05.732297 ioctl(17, SNDRV_TIMER_IOCTL_PARAMS, 0xb55c0b88) = 0
235   09:10:05.734881 openat(AT_FDCWD, "/tmp/bluetoothaddress", O_RDONLY) = 20
235   09:10:05.738990 openat(AT_FDCWD, "/tmp/phonebtaddr", O_WRONLY|O_CREAT, 0644) = 20
244   09:10:07.901508 openat(AT_FDCWD, "/etc/localtime", O_RDONLY|O_CLOEXEC) = -1 ENOENT (No such file or directory)
244   09:10:08.269099 openat(AT_FDCWD, "/dev/fb0", O_RDONLY) = 21
244   09:10:08.269959 ioctl(21, FBIOGET_VSCREENINFO, 0xb19f8b84) = 0
244   09:10:08.270812 openat(AT_FDCWD, "/usr/lib/libmfc.so", O_RDONLY|O_CLOEXEC) = 21
244   09:10:08.285769 openat(AT_FDCWD, "/usr/lib/libarkcmn.so", O_RDONLY|O_CLOEXEC) = 21
244   09:10:08.287955 openat(AT_FDCWD, "/usr/local/Qt4.7.4/lib/libGAL.so", O_RDONLY|O_CLOEXEC) = -1 ENOENT (No such file or directory)
244   09:10:08.288739 openat(AT_FDCWD, "/usr//lib/libGAL.so", O_RDONLY|O_CLOEXEC) = 21
244   09:10:08.304998 openat(AT_FDCWD, "/tmp/dev/memalloc", O_RDWR|O_SYNC) = 21
244   09:10:08.305988 openat(AT_FDCWD, "/dev/mem", O_RDWR|O_SYNC) = 22
244   09:10:08.306692 ioctl(21, _IOC(_IOC_READ|_IOC_WRITE, 0x6b, 0x1, 0x4), 0x872fc) = 0
244   09:10:08.312612 openat(AT_FDCWD, "/dev/fb4", O_RDWR|O_SYNC) = 22
244   09:10:08.313806 openat(AT_FDCWD, "/dev/ark_display", O_RDWR) = 23
244   09:10:08.314584 ioctl(23, _IOC(_IOC_READ|_IOC_WRITE, 0xa0, 0x1d, 0x4), 0xb19f8ae8) = 0
244   09:10:08.339750 openat(AT_FDCWD, "/dev/fb0", O_RDWR) = 23
244   09:10:08.340583 ioctl(23, FBIOGET_VSCREENINFO, 0xb19f8a3c) = 0
244   09:10:08.341477 ioctl(22, _IOC(_IOC_READ, 0x4f, 0x39, 0x4), 0xb19f8b0c) = 0
244   09:10:08.342085 ioctl(22, _IOC(_IOC_NONE, 0x4f, 0x2c, 0), 0) = 0
244   09:10:08.343107 ioctl(22, _IOC(_IOC_WRITE, 0x4f, 0x27, 0x3c), 0xb19f8b88) = 0
244   09:10:09.749767 openat(AT_FDCWD, "/tmp/hx170dec_lock", O_RDWR|O_CREAT, 04000) = 23
244   09:10:09.751766 openat(AT_FDCWD, "/dev/mem", O_RDONLY) = 24
244   09:10:09.757585 openat(AT_FDCWD, "/tmp/dev/hx170", O_RDONLY) = 25
244   09:10:09.759464 ioctl(25, _IOC(_IOC_READ, 0x6b, 0x3, 0x4), 0xb19f8b38) = 0
244   09:10:09.760273 ioctl(25, SPI_IOC_RD_MAX_SPEED_HZ, 0xb19f8b3c) = 0
244   09:10:09.761344 openat(AT_FDCWD, "/dev/mem", O_RDONLY) = 24
244   09:10:09.762021 openat(AT_FDCWD, "/tmp/dev/hx170", O_RDONLY) = 25
244   09:10:09.763247 ioctl(25, _IOC(_IOC_READ, 0x6b, 0x3, 0x4), 0xb19f8adc) = 0
244   09:10:09.763913 ioctl(25, SPI_IOC_RD_MAX_SPEED_HZ, 0xb19f8ae0) = 0
244   09:10:09.764711 openat(AT_FDCWD, "/dev/mem", O_RDONLY) = 26
244   09:10:09.765357 openat(AT_FDCWD, "/tmp/dev/hx170", O_RDONLY) = 27
244   09:10:09.765993 ioctl(27, _IOC(_IOC_READ, 0x6b, 0x3, 0x4), 0xb19f8ac0) = 0
244   09:10:09.767041 ioctl(27, SPI_IOC_RD_MAX_SPEED_HZ, 0xb19f8ac4) = 0
244   09:10:09.768102 openat(AT_FDCWD, "/dev/mem", O_RDONLY) = 26
244   09:10:09.768771 openat(AT_FDCWD, "/tmp/dev/hx170", O_RDONLY) = 27
244   09:10:09.769521 ioctl(27, _IOC(_IOC_READ, 0x6b, 0x3, 0x4), 0xb19f8ac0) = 0
244   09:10:09.769993 ioctl(27, SPI_IOC_RD_MAX_SPEED_HZ, 0xb19f8ac4) = 0
244   09:10:09.770977 openat(AT_FDCWD, "/dev/mem", O_RDONLY) = 26
244   09:10:09.771594 openat(AT_FDCWD, "/tmp/dev/hx170", O_RDONLY) = 27
244   09:10:09.772175 ioctl(27, _IOC(_IOC_READ, 0x6b, 0x3, 0x4), 0xb19f8aa8) = 0
244   09:10:09.772626 ioctl(27, SPI_IOC_RD_MAX_SPEED_HZ, 0xb19f8aac) = 0
244   09:10:09.773888 openat(AT_FDCWD, "/tmp/dev/memalloc", O_RDWR|O_SYNC) = 24
244   09:10:09.774675 openat(AT_FDCWD, "/dev/mem", O_RDWR|O_SYNC) = 25
244   09:10:09.775271 openat(AT_FDCWD, "/tmp/dev/hx170", O_RDWR) = 26
244   09:10:09.775952 ioctl(26, _IOC(_IOC_READ, 0x6b, 0x3, 0x4), 0xb19f8aac) = 0
244   09:10:09.776615 ioctl(26, SPI_IOC_RD_MAX_SPEED_HZ, 0x7f634) = 0
238   09:10:09.784379 ioctl(24, _IOC(_IOC_READ|_IOC_WRITE, 0x6b, 0x1, 0x4), 0xb41fdc30) = 0
238   09:10:09.789596 ioctl(24, _IOC(_IOC_READ|_IOC_WRITE, 0x6b, 0x1, 0x4), 0xb41fdc30) = 0
238   09:10:09.794128 ioctl(24, _IOC(_IOC_READ|_IOC_WRITE, 0x6b, 0x1, 0x4), 0xb41fdc30) = 0
238   09:10:09.800137 ioctl(24, _IOC(_IOC_READ|_IOC_WRITE, 0x6b, 0x1, 0x4), 0xb41fdc58) = 0
245   09:12:13.229622 +++ exited with 0 +++
244   09:12:13.230809 +++ exited with 0 +++
255   09:12:16.617566 +++ exited with 0 +++
236   09:12:47.033406 +++ exited with 0 +++
232   09:15:36.768991 --- SIGTERM {si_signo=SIGTERM, si_code=SI_USER, si_pid=1, si_uid=0} ---
243   09:15:36.776586 +++ killed by SIGTERM +++
241   09:15:36.776894 +++ killed by SIGTERM +++
240   09:15:36.777073 +++ killed by SIGTERM +++
239   09:15:36.777217 +++ killed by SIGTERM +++
238   09:15:36.777353 +++ killed by SIGTERM +++
235   09:15:36.777483 +++ killed by SIGTERM +++
234   09:15:36.777610 +++ killed by SIGTERM +++
233   09:15:36.777778 +++ killed by SIGTERM +++
242   09:15:36.818939 +++ killed by SIGTERM +++
232   09:15:36.819307 +++ killed by SIGTERM +++
