125   ioctl(30, _IOC(_IOC_READ|_IOC_WRITE, 0xa0, 0x1d, 0x4), 0xbecb79a8) = 0
125   ioctl(30, FBIOGET_VSCREENINFO, 0xbecb78fc) = 0
256   +++ exited with 1 +++
253   --- SIGCHLD {si_signo=SIGCHLD, si_code=CLD_EXITED, si_pid=256, si_uid=0, si_status=1, si_utime=0, si_stime=4 /* 0.04 s */} ---
253   +++ exited with 1 +++
137   --- SIGCHLD {si_signo=SIGCHLD, si_code=CLD_EXITED, si_pid=253, si_uid=0, si_status=1, si_utime=0, si_stime=0} ---
258   +++ exited with 1 +++
257   --- SIGCHLD {si_signo=SIGCHLD, si_code=CLD_EXITED, si_pid=258, si_uid=0, si_status=1, si_utime=2 /* 0.02 s */, si_stime=2 /* 0.02 s */} ---
257   +++ exited with 1 +++
137   --- SIGCHLD {si_signo=SIGCHLD, si_code=CLD_EXITED, si_pid=257, si_uid=0, si_status=1, si_utime=1 /* 0.01 s */, si_stime=1 /* 0.01 s */} ---
260   ioctl(3, SIOCGIFFLAGS, {ifr_name="wlan1", ifr_flags=IFF_BROADCAST|IFF_MULTICAST}) = 0
260   ioctl(3, SIOCSIFFLAGS, {ifr_name="wlan1", ifr_flags=IFF_BROADCAST|IFF_MULTICAST}) = 0
260   +++ exited with 0 +++
259   --- SIGCHLD {si_signo=SIGCHLD, si_code=CLD_EXITED, si_pid=260, si_uid=0, si_status=0, si_utime=1 /* 0.01 s */, si_stime=0} ---
259   +++ exited with 0 +++
137   --- SIGCHLD {si_signo=SIGCHLD, si_code=CLD_EXITED, si_pid=259, si_uid=0, si_status=0, si_utime=0, si_stime=2 /* 0.02 s */} ---
262   ioctl(3, SIOCSIFADDR, {ifr_name="wlan0", ifr_addr={sa_family=AF_INET, sin_port=htons(0), sin_addr=inet_addr("192.168.43.1")}}) = 0
262   ioctl(3, SIOCGIFFLAGS, {ifr_name="wlan0", ifr_flags=IFF_UP|IFF_BROADCAST|IFF_RUNNING|IFF_MULTICAST}) = 0
262   ioctl(3, SIOCSIFFLAGS, {ifr_name="wlan0", ifr_flags=IFF_UP|IFF_BROADCAST|IFF_RUNNING|IFF_MULTICAST}) = 0
262   +++ exited with 0 +++
261   --- SIGCHLD {si_signo=SIGCHLD, si_code=CLD_EXITED, si_pid=262, si_uid=0, si_status=0, si_utime=0, si_stime=0} ---
261   +++ exited with 0 +++
137   --- SIGCHLD {si_signo=SIGCHLD, si_code=CLD_EXITED, si_pid=261, si_uid=0, si_status=0, si_utime=0, si_stime=1 /* 0.01 s */} ---
263   ioctl(8, SIOCGIFFLAGS, {ifr_name="wlan0", ifr_flags=IFF_UP|IFF_BROADCAST|IFF_RUNNING|IFF_MULTICAST}) = 0
263   ioctl(9, SIOCGIFINDEX, {ifr_name="wlan0", ifr_ifindex=4}) = 0
125   ioctl(40, FIONREAD, [214])        = 0
125   ioctl(42, FIONREAD <unfinished ...>
263   +++ exited with 1 +++
125   <... ioctl resumed>, [0])         = 0
137   --- SIGCHLD {si_signo=SIGCHLD, si_code=CLD_EXITED, si_pid=263, si_uid=0, si_status=1, si_utime=0, si_stime=3 /* 0.03 s */} ---
125   ioctl(40, FIONREAD, [0])          = 0
125   ioctl(-1, FIONREAD, 0xbecb78e4)   = -1 EBADF (Bad file descriptor)
125   ioctl(-1, FIONREAD, 0xbecb78e4)   = -1 EBADF (Bad file descriptor)
265   +++ exited with 1 +++
264   --- SIGCHLD {si_signo=SIGCHLD, si_code=CLD_EXITED, si_pid=265, si_uid=0, si_status=1, si_utime=0, si_stime=3 /* 0.03 s */} ---
264   +++ exited with 1 +++
165   --- SIGCHLD {si_signo=SIGCHLD, si_code=CLD_EXITED, si_pid=264, si_uid=0, si_status=1, si_utime=1 /* 0.01 s */, si_stime=1 /* 0.01 s */} ---
267   +++ exited with 1 +++
266   --- SIGCHLD {si_signo=SIGCHLD, si_code=CLD_EXITED, si_pid=267, si_uid=0, si_status=1, si_utime=0, si_stime=6 /* 0.06 s */} ---
266   +++ exited with 1 +++
137   --- SIGCHLD {si_signo=SIGCHLD, si_code=CLD_EXITED, si_pid=266, si_uid=0, si_status=1, si_utime=0, si_stime=2 /* 0.02 s */} ---
269   ioctl(3, SIOCGIFFLAGS, {ifr_name="wlan1", ifr_flags=IFF_BROADCAST|IFF_MULTICAST}) = 0
269   ioctl(3, SIOCSIFFLAGS, {ifr_name="wlan1", ifr_flags=IFF_BROADCAST|IFF_MULTICAST}) = 0
269   +++ exited with 0 +++
268   --- SIGCHLD {si_signo=SIGCHLD, si_code=CLD_EXITED, si_pid=269, si_uid=0, si_status=0, si_utime=0, si_stime=1 /* 0.01 s */} ---
268   +++ exited with 0 +++
137   --- SIGCHLD {si_signo=SIGCHLD, si_code=CLD_EXITED, si_pid=268, si_uid=0, si_status=0, si_utime=0, si_stime=3 /* 0.03 s */} ---
271   ioctl(3, SIOCSIFADDR, {ifr_name="wlan0", ifr_addr={sa_family=AF_INET, sin_port=htons(0), sin_addr=inet_addr("192.168.43.1")}}) = 0
271   ioctl(3, SIOCGIFFLAGS, {ifr_name="wlan0", ifr_flags=IFF_UP|IFF_BROADCAST|IFF_RUNNING|IFF_MULTICAST}) = 0
271   ioctl(3, SIOCSIFFLAGS, {ifr_name="wlan0", ifr_flags=IFF_UP|IFF_BROADCAST|IFF_RUNNING|IFF_MULTICAST}) = 0
271   +++ exited with 0 +++
270   --- SIGCHLD {si_signo=SIGCHLD, si_code=CLD_EXITED, si_pid=271, si_uid=0, si_status=0, si_utime=1 /* 0.01 s */, si_stime=0} ---
270   +++ exited with 0 +++
137   --- SIGCHLD {si_signo=SIGCHLD, si_code=CLD_EXITED, si_pid=270, si_uid=0, si_status=0, si_utime=1 /* 0.01 s */, si_stime=2 /* 0.02 s */} ---
272   ioctl(8, SIOCGIFFLAGS, {ifr_name="wlan0", ifr_flags=IFF_UP|IFF_BROADCAST|IFF_RUNNING|IFF_MULTICAST}) = 0
272   ioctl(9, SIOCGIFINDEX, {ifr_name="wlan0", ifr_ifindex=4}) = 0
272   +++ exited with 1 +++
125   --- SIGCHLD {si_signo=SIGCHLD, si_code=CLD_EXITED, si_pid=272, si_uid=0, si_status=1, si_utime=0, si_stime=5 /* 0.05 s */} ---
125   ioctl(40, FIONREAD, [214])        = 0
125   ioctl(42, FIONREAD, [0])          = 0
125   ioctl(40, FIONREAD, [0])          = 0
125   ioctl(-1, FIONREAD, 0xbecb6df4)   = -1 EBADF (Bad file descriptor)
277   ioctl(3, SIOCSIFADDR, {ifr_name="wlan0", ifr_addr={sa_family=AF_INET, sin_port=htons(0), sin_addr=inet_addr("192.168.2.1")}}) = 0
277   ioctl(3, SIOCGIFFLAGS, {ifr_name="wlan0", ifr_flags=IFF_UP|IFF_BROADCAST|IFF_RUNNING|IFF_MULTICAST}) = 0
277   ioctl(3, SIOCSIFFLAGS, {ifr_name="wlan0", ifr_flags=IFF_UP|IFF_BROADCAST|IFF_RUNNING|IFF_MULTICAST}) = 0
277   +++ exited with 0 +++
276   --- SIGCHLD {si_signo=SIGCHLD, si_code=CLD_EXITED, si_pid=277, si_uid=0, si_status=0, si_utime=0, si_stime=2 /* 0.02 s */} ---
276   +++ exited with 0 +++
137   --- SIGCHLD {si_signo=SIGCHLD, si_code=CLD_EXITED, si_pid=276, si_uid=0, si_status=0, si_utime=0, si_stime=2 /* 0.02 s */} ---
280   ioctl(3, SIOCGIFFLAGS, {ifr_name="wlan0", ifr_flags=IFF_UP|IFF_BROADCAST|IFF_RUNNING|IFF_MULTICAST}) = 0
280   ioctl(3, SIOCSIFFLAGS, {ifr_name="wlan0", ifr_flags=IFF_BROADCAST|IFF_RUNNING|IFF_MULTICAST}) = 0
280   +++ exited with 0 +++
279   --- SIGCHLD {si_signo=SIGCHLD, si_code=CLD_EXITED, si_pid=280, si_uid=0, si_status=0, si_utime=0, si_stime=2 /* 0.02 s */} ---
279   +++ exited with 0 +++
137   --- SIGCHLD {si_signo=SIGCHLD, si_code=CLD_EXITED, si_pid=279, si_uid=0, si_status=0, si_utime=0, si_stime=3 /* 0.03 s */} ---
282   ioctl(3, SIOCGIFFLAGS, {ifr_name="wlan1", ifr_flags=IFF_BROADCAST|IFF_MULTICAST}) = 0
282   ioctl(3, SIOCSIFFLAGS, {ifr_name="wlan1", ifr_flags=IFF_UP|IFF_BROADCAST|IFF_RUNNING|IFF_MULTICAST}) = 0
282   +++ exited with 0 +++
281   --- SIGCHLD {si_signo=SIGCHLD, si_code=CLD_EXITED, si_pid=282, si_uid=0, si_status=0, si_utime=0, si_stime=1 /* 0.01 s */} ---
281   +++ exited with 0 +++
137   --- SIGCHLD {si_signo=SIGCHLD, si_code=CLD_EXITED, si_pid=281, si_uid=0, si_status=0, si_utime=0, si_stime=2 /* 0.02 s */} ---
284   ioctl(1, TCGETS, {c_iflag=ICRNL|IXON|IXOFF, c_oflag=NL0|CR0|TAB0|BS0|VT0|FF0|OPOST|ONLCR, c_cflag=B115200|CS8|CREAD|HUPCL|CLOCAL, c_lflag=ISIG|ICANON|ECHO|ECHOE|ECHOK|IEXTEN|ECHOCTL|ECHOKE, ...}) = 0
284   ioctl(8, SIOCGIFFLAGS, {ifr_name="wlan1", ifr_flags=IFF_UP|IFF_BROADCAST|IFF_MULTICAST}) = 0
284   ioctl(9, SIOCGIFINDEX, {ifr_name="wlan1", ifr_ifindex=5}) = 0
284   ioctl(8, SIOCGIFFLAGS, {ifr_name="wlan1", ifr_flags=IFF_UP|IFF_BROADCAST|IFF_MULTICAST}) = 0
284   ioctl(8, SIOCGIFHWADDR, {ifr_name="wlan1", ifr_hwaddr={sa_family=ARPHRD_ETHER, sa_data=6a:b9:d3:f1:5a:43}}) = 0
284   ioctl(14, SIOCGIFINDEX, {ifr_name="wlan1", ifr_ifindex=5}) = 0
284   ioctl(14, SIOCGIFHWADDR, {ifr_name="wlan1", ifr_hwaddr={sa_family=ARPHRD_ETHER, sa_data=6a:b9:d3:f1:5a:43}}) = 0
284   ioctl(15, SIOCGIFINDEX, {ifr_name="wlan1", ifr_ifindex=5}) = 0
284   ioctl(15, SIOCGIFINDEX, {ifr_name="wlan1", ifr_ifindex=5}) = 0
284   ioctl(15, SIOCGIFINDEX, {ifr_name="wlan1", ifr_ifindex=5}) = 0
284   ioctl(15, SIOCGIFINDEX, {ifr_name="wlan1", ifr_ifindex=5}) = 0
284   ioctl(15, SIOCGIFINDEX, {ifr_name="wlan1", ifr_ifindex=5}) = 0
284   +++ exited with 0 +++
283   --- SIGCHLD {si_signo=SIGCHLD, si_code=CLD_EXITED, si_pid=284, si_uid=0, si_status=0, si_utime=2 /* 0.02 s */, si_stime=5 /* 0.05 s */} ---
283   +++ exited with 0 +++
137   --- SIGCHLD {si_signo=SIGCHLD, si_code=CLD_EXITED, si_pid=283, si_uid=0, si_status=0, si_utime=0, si_stime=2 /* 0.02 s */} ---
285   ioctl(3, SIOCGIFINDEX, {ifr_name="wlan1", ifr_ifindex=5}) = 0
